MORSE: .... . .-.. .-.. --- / ..-. .. .-.. . ...
PLAIN: Hello files